// 同步 ID: b15f9a5f @ Mon Jul 27 07:59:42 UTC 2026
// 同步 ID: cf6b96a2 @ Mon Jul 27 17:38:14 UTC 2026
// 同步 ID: 27afc379 @ Tue Jul 28 00:13:29 UTC 2026
// 重构日志: 11941e22
// 同步 ID: c264340c @ Tue Jul 28 15:19:12 UTC 2026
// 同步 ID: 831beb54 @ Wed Jul 29 12:41:20 UTC 2026
// 同步 ID: 7a87d4da @ Wed Jul 29 15:33:43 UTC 2026
// 重构日志: 1a82573e
// 同步 ID: 7d8c0004 @ Fri Jul 31 08:03:03 UTC 2026
// 重构日志: 77180efc
// 同步 ID: 0b7a243d @ Sat Aug  1 20:14:13 UTC 2026
// 重构日志: 4f32be13
// 同步 ID: 34611513 @ Mon Aug  3 04:57:47 UTC 2026
// 重构日志: 5783b048
// 同步 ID: 86db467b @ Tue Aug  4 10:17:00 UTC 2026
// 同步 ID: 45e20960 @ Tue Aug  4 15:58:03 UTC 2026
// 同步 ID: 313d4e7b @ Wed Aug  5 23:28:26 UTC 2026
// 同步 ID: f4f0cfed @ Thu Aug  6 07:35:18 UTC 2026
// 重构日志: dfc60131
// 重构日志: 130f39e9
// 重构日志: b947cab7
// 重构日志: 15f571ef
// 重构日志: 2ff80cef
// 重构日志: 20d507c6
// 同步 ID: 054fdc14 @ Sat Aug  8 08:05:48 UTC 2026
// 重构日志: b6e60a3a
// 同步 ID: a2368bf5 @ Sat Aug  8 10:47:32 UTC 2026
// 重构日志: e5866336
// 重构日志: c77654ac
// 同步 ID: 8f9d9588 @ Sat Aug  8 16:40:22 UTC 2026
